using the fast fill (fp4_to_cb3_v2_fast)
trace ranking: 15360 experts
packing ranks 0..6500 = 6500 experts, 94.0 GB, record stride 14,454,784 B
  250/6500  3.6 GB  33s  (7.6 experts/s, eta 13.7 min)
  500/6500  7.2 GB  67s  (7.5 experts/s, eta 13.4 min)
  750/6500  10.8 GB  99s  (7.6 experts/s, eta 12.6 min)
  1000/6500  14.5 GB  131s  (7.7 experts/s, eta 12.0 min)
  1250/6500  18.1 GB  164s  (7.6 experts/s, eta 11.5 min)
  1500/6500  21.7 GB  195s  (7.7 experts/s, eta 10.9 min)
  1750/6500  25.3 GB  228s  (7.7 experts/s, eta 10.3 min)
  2000/6500  28.9 GB  260s  (7.7 experts/s, eta 9.8 min)
  2250/6500  32.5 GB  292s  (7.7 experts/s, eta 9.2 min)
  2500/6500  36.1 GB  324s  (7.7 experts/s, eta 8.6 min)
  2750/6500  39.8 GB  356s  (7.7 experts/s, eta 8.1 min)
  3000/6500  43.4 GB  390s  (7.7 experts/s, eta 7.6 min)
  3250/6500  47.0 GB  437s  (7.4 experts/s, eta 7.3 min)
  3500/6500  50.6 GB  474s  (7.4 experts/s, eta 6.8 min)
  3750/6500  54.2 GB  509s  (7.4 experts/s, eta 6.2 min)
  4000/6500  57.8 GB  543s  (7.4 experts/s, eta 5.7 min)
  4250/6500  61.4 GB  577s  (7.4 experts/s, eta 5.1 min)
  4500/6500  65.0 GB  611s  (7.4 experts/s, eta 4.5 min)
  4750/6500  68.7 GB  646s  (7.4 experts/s, eta 4.0 min)
  5000/6500  72.3 GB  683s  (7.3 experts/s, eta 3.4 min)
  5250/6500  75.9 GB  715s  (7.3 experts/s, eta 2.8 min)
  5500/6500  79.5 GB  752s  (7.3 experts/s, eta 2.3 min)
  5750/6500  83.1 GB  787s  (7.3 experts/s, eta 1.7 min)
  6000/6500  86.7 GB  824s  (7.3 experts/s, eta 1.1 min)
  6250/6500  90.3 GB  859s  (7.3 experts/s, eta 0.6 min)
  6500/6500  94.0 GB  893s  (7.3 experts/s, eta 0.0 min)
done: 6500 experts, 94.0 GB in 14.9 min -> /home/shi3z/dsv41-spark/models/cb3_store2.bin
